src/components/admin/users/RegisterLandlordForm.tsx(15,40): error TS2769: No overload matches this call.
  Overload 1 of 2, '(action: (state: { error: string; details?: undefined; success?: undefined; message?: undefined; } | { error: string; details: { name?: string[] | undefined; email?: string[] | undefined; password?: string[] | undefined; ... 10 more ...; isConsentGiven?: string[] | undefined; }; success?: undefined; message?: undefined; } | { ...; }) => { ...; } | ... 2 more ... | Promise<...>, initialState: { ...; } | ... 1 more ... | { ...; }, permalink?: string | undefined): [state: ...]', gave the following error.
    Argument of type '(prevState: any, formData: FormData) => Promise<{ error: string; details?: undefined; success?: undefined; message?: undefined; } | { error: string; details: { name?: string[] | undefined; ... 12 more ...; isConsentGiven?: string[] | undefined; }; success?: undefined; message?: undefined; } | { ...; }>' is not assignable to parameter of type '(state: { error: string; details?: undefined; success?: undefined; message?: undefined; } | { error: string; details: { name?: string[] | undefined; email?: string[] | undefined; password?: string[] | undefined; ... 10 more ...; isConsentGiven?: string[] | undefined; }; success?: undefined; message?: undefined; } | ...'.
      Target signature provides too few arguments. Expected 2 or more, but got 1.
  Overload 2 of 2, '(action: (state: { error: string; details?: undefined; success?: undefined; message?: undefined; } | { error: string; details: { name?: string[] | undefined; email?: string[] | undefined; password?: string[] | undefined; ... 10 more ...; isConsentGiven?: string[] | undefined; }; success?: undefined; message?: undefined; } | { ...; }, payload: FormData) => { ...; } | ... 2 more ... | Promise<...>, initialState: { ...; } | ... 1 more ... | { ...; }, permalink?: string | undefined): [state: ...]', gave the following error.
    Argument of type '{}' is not assignable to parameter of type '{ error: string; details?: undefined; success?: undefined; message?: undefined; } | { error: string; details: { name?: string[] | undefined; email?: string[] | undefined; password?: string[] | undefined; ... 10 more ...; isConsentGiven?: string[] | undefined; }; success?: undefined; message?: undefined; } | { ...; }'.
