src/app/(tenant)/dashboard/documents/page.tsx(54,65): error TS2345: Argument of type 'string | null' is not assignable to parameter of type 'string'.
  Type 'null' is not assignable to type 'string'.
src/app/actions/material.ts(28,17): error TS2322: Type 'string' is not assignable to type 'string[] | MaterialCreateimagesInput | undefined'.
src/app/actions/material.ts(64,17): error TS2322: Type 'string' is not assignable to type 'string[] | MaterialUpdateimagesInput | undefined'.
src/app/actions/property.ts(30,17): error TS2322: Type 'string' is not assignable to type 'string[] | PropertyCreateimagesInput | undefined'.
src/app/actions/property.ts(66,17): error TS2322: Type 'string' is not assignable to type 'string[] | PropertyUpdateimagesInput | undefined'.
src/app/contact/page.tsx(76,78): error TS2322: Type 'string | { name?: string[] | undefined; email?: string[] | undefined; message?: string[] | undefined; phone?: string[] | undefined; }' is not assignable to type 'ReactNode'.
  Type '{ name?: string[] | undefined; email?: string[] | undefined; message?: string[] | undefined; phone?: string[] | undefined; }' is not assignable to type 'ReactNode'.
src/app/forgot-password/page.tsx(11,59): error TS2769: No overload matches this call.
  Overload 1 of 2, '(action: (state: { error: string; success?: undefined; } | { success: string; error?: undefined; } | null) => { error: string; success?: undefined; } | { success: string; error?: undefined; } | Promise<{ error: string; success?: undefined; } | { ...; } | null> | null, initialState: { ...; } | ... 1 more ... | null, permalink?: string | undefined): [state: ...]', gave the following error.
    Argument of type '(formData: FormData) => Promise<{ error: string; success?: undefined; } | { success: string; error?: undefined; }>' is not assignable to parameter of type '(state: { error: string; success?: undefined; } | { success: string; error?: undefined; } | null) => { error: string; success?: undefined; } | { success: string; error?: undefined; } | Promise<{ error: string; success?: undefined; } | { ...; } | null> | null'.
      Types of parameters 'formData' and 'state' are incompatible.
        Type '{ error: string; success?: undefined; } | { success: string; error?: undefined; } | null' is not assignable to type 'FormData'.
          Type 'null' is not assignable to type 'FormData'.
  Overload 2 of 2, '(action: (state: { error: string; success?: undefined; } | { success: string; error?: undefined; } | null, payload: unknown) => { error: string; success?: undefined; } | { success: string; error?: undefined; } | Promise<...> | null, initialState: { ...; } | ... 1 more ... | null, permalink?: string | undefined): [state: ...]', gave the following error.
    Argument of type '(formData: FormData) => Promise<{ error: string; success?: undefined; } | { success: string; error?: undefined; }>' is not assignable to parameter of type '(state: { error: string; success?: undefined; } | { success: string; error?: undefined; } | null, payload: unknown) => { error: string; success?: undefined; } | { success: string; error?: undefined; } | Promise<...> | null'.
      Types of parameters 'formData' and 'state' are incompatible.
        Type '{ error: string; success?: undefined; } | { success: string; error?: undefined; } | null' is not assignable to type 'FormData'.
          Type 'null' is not assignable to type 'FormData'.
src/app/lib/actions.ts(198,17): error TS2322: Type 'string' is not assignable to type 'string[] | TicketCreateimagesInput | undefined'.
src/app/materials/page.tsx(104,41): error TS2322: Type 'string[]' is not assignable to type 'string | Blob | undefined'.
  Type 'string[]' is missing the following properties from type 'Blob': size, type, arrayBuffer, bytes, and 2 more.
src/app/page.tsx(60,21): error TS2322: Type 'string | string[]' is not assignable to type 'string | Blob | undefined'.
  Type 'string[]' is not assignable to type 'string | Blob | undefined'.
    Type 'string[]' is missing the following properties from type 'Blob': size, type, arrayBuffer, bytes, and 2 more.
src/app/properties/[id]/page.tsx(33,21): error TS2322: Type 'string | string[]' is not assignable to type 'string | Blob | undefined'.
  Type 'string[]' is not assignable to type 'string | Blob | undefined'.
    Type 'string[]' is missing the following properties from type 'Blob': size, type, arrayBuffer, bytes, and 2 more.
src/app/properties/page.tsx(150,49): error TS2322: Type 'string | string[]' is not assignable to type 'string | Blob | undefined'.
  Type 'string[]' is not assignable to type 'string | Blob | undefined'.
    Type 'string[]' is missing the following properties from type 'Blob': size, type, arrayBuffer, bytes, and 2 more.
src/components/admin/CreateLeaseModal.tsx(31,57): error TS2769: No overload matches this call.
  Overload 1 of 2, '(action: (state: { error: string; success?: undefined; } | { success: boolean; error?: undefined; } | null) => { error: string; success?: undefined; } | { success: boolean; error?: undefined; } | Promise<{ error: string; success?: undefined; } | { ...; } | null> | null, initialState: { ...; } | ... 1 more ... | null, permalink?: string | undefined): [state: ...]', gave the following error.
    Argument of type '(userId: string, propertyId: string, rentAmount: number, startDate: Date, endDate?: Date | undefined) => Promise<{ error: string; success?: undefined; } | { success: boolean; error?: undefined; }>' is not assignable to parameter of type '(state: { error: string; success?: undefined; } | { success: boolean; error?: undefined; } | null) => { error: string; success?: undefined; } | { success: boolean; error?: undefined; } | Promise<{ error: string; success?: undefined; } | { ...; } | null> | null'.
      Target signature provides too few arguments. Expected 4 or more, but got 1.
  Overload 2 of 2, '(action: (state: { error: string; success?: undefined; } | { success: boolean; error?: undefined; } | null, payload: string) => { error: string; success?: undefined; } | { success: boolean; error?: undefined; } | Promise<...> | null, initialState: { ...; } | ... 1 more ... | null, permalink?: string | undefined): [state: ...]', gave the following error.
    Argument of type '(userId: string, propertyId: string, rentAmount: number, startDate: Date, endDate?: Date | undefined) => Promise<{ error: string; success?: undefined; } | { success: boolean; error?: undefined; }>' is not assignable to parameter of type '(state: { error: string; success?: undefined; } | { success: boolean; error?: undefined; } | null, payload: string) => { error: string; success?: undefined; } | { success: boolean; error?: undefined; } | Promise<...> | null'.
      Target signature provides too few arguments. Expected 4 or more, but got 2.
src/components/admin/CreateTicketModal.tsx(123,86): error TS2322: Type 'string | { userId?: string[] | undefined; subject?: string[] | undefined; description?: string[] | undefined; category?: string[] | undefined; priority?: string[] | undefined; images?: string[] | undefined; }' is not assignable to type 'ReactNode'.
  Type '{ userId?: string[] | undefined; subject?: string[] | undefined; description?: string[] | undefined; category?: string[] | undefined; priority?: string[] | undefined; images?: string[] | undefined; }' is not assignable to type 'ReactNode'.
src/components/admin/RegisterTenantForm.tsx(66,21): error TS2322: Type 'string | { name?: string[] | undefined; email?: string[] | undefined; password?: string[] | undefined; phone?: string[] | undefined; nextOfKinName?: string[] | undefined; nextOfKinPhone?: string[] | undefined; employerName?: string[] | undefined; jobTitle?: string[] | undefined; }' is not assignable to type 'ReactNode'.
  Type '{ name?: string[] | undefined; email?: string[] | undefined; password?: string[] | undefined; phone?: string[] | undefined; nextOfKinName?: string[] | undefined; nextOfKinPhone?: string[] | undefined; employerName?: string[] | undefined; jobTitle?: string[] | undefined; }' is not assignable to type 'ReactNode'.
src/components/admin/Search.tsx(5,38): error TS2307: Cannot find module 'use-debounce' or its corresponding type declarations.
src/components/admin/tables/properties/columns.tsx(16,26): error TS2307: Cannot find module '@/components/ui/checkbox' or its corresponding type declarations.
src/components/tenant/DocumentUpload.tsx(55,28): error TS2345: Argument of type 'string | { userId?: string[] | undefined; category?: string[] | undefined; }' is not assignable to parameter of type 'SetStateAction<string | null>'.
  Type '{ userId?: string[] | undefined; category?: string[] | undefined; }' is not assignable to type 'SetStateAction<string | null>'.
src/components/tenant/LogPaymentModal.tsx(5,81): error TS1261: Already included file name 'C:/Users/ayool/Desktop/realestate2111/src/components/ui/Dialog.tsx' differs from file name 'C:/Users/ayool/Desktop/realestate2111/src/components/ui/dialog.tsx' only in casing.
  The file is in the program because:
    Imported via "@/components/ui/Dialog" from file 'C:/Users/ayool/Desktop/realestate2111/src/components/tenant/LogPaymentModal.tsx'
    Matched by include pattern '**/*.tsx' in 'C:/Users/ayool/Desktop/realestate2111/tsconfig.json'
src/components/tenant/TicketForm.tsx(24,73): error TS2322: Type 'string | { subject?: string[] | undefined; description?: string[] | undefined; category?: string[] | undefined; }' is not assignable to type 'ReactNode'.
  Type '{ subject?: string[] | undefined; description?: string[] | undefined; category?: string[] | undefined; }' is not assignable to type 'ReactNode'.
